TextureAsset 7a8f498f-a4f4-f274-125d-dbcf2a0deb58
	$::TextureBaseAsset
		$::Asset
			$::DataContainer
			Name Characters/SP/Friendly/Golden/Golden_Head/Textures/T_SP_Golden_Scalp_D
		Resource 6130046970019661829 #characters/sp/friendly/golden/golden_head/textures/t_sp_golden_scalp_d
