TextureAsset 07df0bbf-0dc3-68ce-cb50-6f8cb5e3a9b2
	$::TextureBaseAsset
		$::Asset
			$::DataContainer
			Name Characters/SP/Friendly/Golden/Golden_Head/Textures/T_SP_Golden_Head_Wrinkles_D
		Resource 4049307522663891365 #characters/sp/friendly/golden/golden_head/textures/t_sp_golden_head_wrinkles_d
