Partition A84AE1C1-A1B4-11E2-B2DE-D7820AD177E7
TextureAsset 3AE2582C-FA98-3D9F-A374-21645E1AD02C #primary instance
	$::TextureBaseAsset
		$::Asset
			$::DataContainer
			Name Characters/SP/Friendly/Golden/Golden_Head/Textures/T_SP_Golden_Head_N
		Resource 12933671885857099251 #characters/sp/friendly/golden/golden_head/textures/t_sp_golden_head_n
