TextureAsset 06ec98ce-4cab-5fe6-7069-30492d21b8d4
	$::TextureBaseAsset
		$::Asset
			$::DataContainer
			Name Characters/SP/Friendly/Golden/Golden_Head/Textures/T_SP_Golden_Haircards_A
		Resource 13767776399568970527 #characters/sp/friendly/golden/golden_head/textures/t_sp_golden_haircards_a
