Partition A26295AB-A1B4-11E2-B2DE-D7820AD177E7
TextureAsset F6B3A3BE-8CA1-12AB-5A78-F8268BF21C2F #primary instance
	$::TextureBaseAsset
		$::Asset
			$::DataContainer
			Name Characters/SP/Friendly/Golden/Golden_Head/Textures/T_SP_Golden_Head_D
		Resource 11555227061102563695 #characters/sp/friendly/golden/golden_head/textures/t_sp_golden_head_d
