Partition B3DD0FC4-A1B4-11E2-B2DE-D7820AD177E7
TextureAsset E926718B-5316-7A42-A8D0-D89153647EEB #primary instance
	$::TextureBaseAsset
		$::Asset
			$::DataContainer
			Name Characters/SP/Friendly/Golden/Golden_Head/Textures/T_SP_Golden_Head_Wrinkles_N
		Resource 16863070698193683709 #characters/sp/friendly/golden/golden_head/textures/t_sp_golden_head_wrinkles_n
