Partition D92218F7-E84C-11E2-9EFF-CD55B07743EC
ObjectBlueprint 91F77FE3-B982-89FC-1D9B-D1545D1D4564 #primary instance
	$::Blueprint
		$::EntityBusData
			$::DataBusData
				$::Asset
					$::DataContainer
					Name Characters/SP/Friendly/Golden/SP_Golden_Lowerbody
				PropertyConnections *nullArray*
				LinkConnections *nullArray*
				Interface *nullGuid*
				Flags 0
			EventConnections *nullArray*
	Object Instance0
MeshProxyEntityData Instance0
	$::SpatialEntityData
		$::EntityData
			$::GameObjectData
				$::DataBusPeer
					$::GameDataContainer
						$::DataContainer
					Flags 193780561
		Transform::LinearTransform
			right::Vec3
				x 1.0
				y 0.0
				z 0.0
			up::Vec3
				x 0.0
				y 1.0
				z 0.0
			forward::Vec3
				x 0.0
				y 0.0
				z 1.0
			trans::Vec3
				x 0.0
				y 0.0
				z 0.0
	Mesh characters/sp/friendly/golden/sp_golden_lowerbody_Mesh/12CACE0D-FD71-B114-976D-221D57F93D97
	BasePoseTransforms *nullArray*
