SkinnedMeshAsset 03887ce9-96fd-16c2-88f6-87a01a6087b1
	$::MeshAsset
		$::Asset
			$::DataContainer
			Name characters/sp/friendly/golden/sp_golden_upperbody_Mesh
		LodGroup LodGroups/Character/dfce1606-01f6-4359-b64e-3b0203b3c640
		MeshSetResource 9204172673385037699 #characters/sp/friendly/golden/sp_golden_upperbody_mesh
		OccluderMeshResource 0
		LodScale 1.0
		CullScale 1.0
		CoverageValue 0.0
		EnlightenType EnlightenType_Dynamic
		ProceduralAnimation *nullGuid*
		Materials::array
			member(0) a80da78c-6b56-0012-b278-1164b61ba8ce
			member(1) f1f04c48-1cb6-699e-851b-385fa1c30e0a
		NameHash 3846271382
		StreamingEnable True
		OccluderMeshEnable False
		OccluderHighPriority False
		OccluderIsConservative True
		DestructionMaterialEnable False
	BoundingBoxPositionOffset::Vec3
		x 0.0
		y 0.0
		z 0.0
	BoundingBoxSizeOffset::Vec3
		x 0.0
		y 0.0
		z 0.0
MeshMaterial f1f04c48-1cb6-699e-851b-385fa1c30e0a
	$::DataContainer
	ShaderInstance *nullGuid*
	Shader::SurfaceShaderInstanceDataStruct
		Shader Characters/Shaders/CharacterRoot_Skin_SP/d06b6e32-7840-425e-88b7-9bdb5976ce1b
		BoolParameters *nullArray*
		VectorParameters *nullArray*
		VectorArrayParameters *nullArray*
		TextureParameters *nullArray*
	TessellationType ShaderTessellationType_None
	TessellationTriangleSize 12.0
	TessellationMaxDistance 20.0
	BackFaceCullEpsilon 0.5
	ShapeFactor 0.75
	DisplacementMap *nullGuid*
	DisplacementScale 1.0
	DisplacementBias 0.5
	DisplacementMapTexCoord 0
	SmoothEdgeVertices False
MeshMaterial a80da78c-6b56-0012-b278-1164b61ba8ce
	$::DataContainer
	ShaderInstance *nullGuid*
	Shader::SurfaceShaderInstanceDataStruct
		Shader Characters/Shaders/CharacterRoot_MatMask_SS/61d5fb09-78b0-4b2c-96de-ab98d90c84c4
		BoolParameters *nullArray*
		VectorParameters *nullArray*
		VectorArrayParameters *nullArray*
		TextureParameters *nullArray*
	TessellationType ShaderTessellationType_None
	TessellationTriangleSize 12.0
	TessellationMaxDistance 20.0
	BackFaceCullEpsilon 0.5
	ShapeFactor 0.75
	DisplacementMap *nullGuid*
	DisplacementScale 1.0
	DisplacementBias 0.5
	DisplacementMapTexCoord 0
	SmoothEdgeVertices False
