Partition 9525594A-BD0D-7D56-7CCA-79188EAD1599
SkinnedMeshAsset 12CACE0D-FD71-B114-976D-221D57F93D97 #primary instance
	$::MeshAsset
		$::Asset
			$::DataContainer
			Name characters/sp/friendly/golden/sp_golden_lowerbody_Mesh
		LodGroup LodGroups/Character_SmallObjects/66A767B0-D233-79A7-5C10-296C84EAA1E6
		MeshSetResource 15972499012257120997 #characters/sp/friendly/golden/sp_golden_lowerbody_mesh
		OccluderMeshResource 0
		LodScale 1.0
		CullScale 1.0
		CoverageValue 0.0
		EnlightenType EnlightenType_Dynamic
		ProceduralAnimation *nullGuid*
		Materials::array
			member(0) 4A44FE26-D8CE-4D1D-0695-ED9F482808DE
		NameHash 632102167
		StreamingEnable True
		OccluderMeshEnable False
		OccluderHighPriority False
		OccluderIsConservative True
		DestructionMaterialEnable False
	BoundingBoxPositionOffset::Vec3
		x 0.0
		y 0.0
		z 0.0
	BoundingBoxSizeOffset::Vec3
		x 0.0
		y 0.0
		z 0.0
MeshMaterial 4A44FE26-D8CE-4D1D-0695-ED9F482808DE
	$::DataContainer
	ShaderInstance *nullGuid*
	Shader::SurfaceShaderInstanceDataStruct
		Shader Characters/Shaders/CharacterRoot_MatMask_SS/61D5FB09-78B0-4B2C-96DE-AB98D90C84C4
		BoolParameters *nullArray*
		VectorParameters *nullArray*
		VectorArrayParameters *nullArray*
		TextureParameters *nullArray*
	TessellationType ShaderTessellationType_None
	TessellationTriangleSize 12.0
	TessellationMaxDistance 20.0
	BackFaceCullEpsilon 0.5
	ShapeFactor 0.75
	DisplacementMap *nullGuid*
	DisplacementScale 1.0
	DisplacementBias 0.5
	DisplacementMapTexCoord 0
	SmoothEdgeVertices False
