ObjectBlueprint cffb252a-5dff-7511-691b-a76b95dd5f66
	$::Blueprint
		$::EntityBusData
			$::DataBusData
				$::Asset
					$::DataContainer
					Name Characters/SP/Friendly/Golden/SP_Golden_Upperbody
				PropertyConnections *nullArray*
				LinkConnections *nullArray*
				Interface *nullGuid*
				Flags 0
			EventConnections *nullArray*
	Object Instance0
MeshProxyEntityData Instance0
	$::SpatialEntityData
		$::EntityData
			$::GameObjectData
				$::DataBusPeer
					$::GameDataContainer
						$::DataContainer
					Flags 176937809
		Transform::LinearTransform
			right::Vec3
				x 1.0
				y 0.0
				z 0.0
			up::Vec3
				x 0.0
				y 1.0
				z 0.0
			forward::Vec3
				x 0.0
				y 0.0
				z 1.0
			trans::Vec3
				x 0.0
				y 0.0
				z 0.0
	Mesh characters/sp/friendly/golden/sp_golden_upperbody_Mesh/03887ce9-96fd-16c2-88f6-87a01a6087b1
	BasePoseTransforms *nullArray*
