TextureAsset ca762ec7-331d-bf66-0bf8-23460fd58783
	$::TextureBaseAsset
		$::Asset
			$::DataContainer
			Name Characters/SP/Friendly/Golden/Textures/T_SP_Golden_Upperbody_D
		Resource 11566368800877172427 #characters/sp/friendly/golden/textures/t_sp_golden_upperbody_d
