TextureAsset 3f33a8b1-0c34-59da-9e1c-39da01966def
	$::TextureBaseAsset
		$::Asset
			$::DataContainer
			Name Characters/SP/Friendly/Golden/Textures/T_SP_Golden_Lowerbody_MM
		Resource 10211625531156828671 #characters/sp/friendly/golden/textures/t_sp_golden_lowerbody_mm
