TextureAsset 12dabd89-8ebf-c5bc-f1ad-d2f78fb4eede
	$::TextureBaseAsset
		$::Asset
			$::DataContainer
			Name Characters/SP/Friendly/Golden/Textures/T_SP_Golden_Lowerbody_S
		Resource 18439351552814806895 #characters/sp/friendly/golden/textures/t_sp_golden_lowerbody_s
