Partition 5062A9AB-E84D-11E2-9EFF-CD55B07743EC
TextureAsset 4637AE69-4C45-7FD8-1B67-0A39683D66D3 #primary instance
	$::TextureBaseAsset
		$::Asset
			$::DataContainer
			Name Characters/SP/Friendly/Golden/Textures/T_SP_Golden_Lowerbody_D
		Resource 10270364594238404291 #characters/sp/friendly/golden/textures/t_sp_golden_lowerbody_d
