Partition 816F9CE8-E84D-11E2-9EFF-CD55B07743EC
TextureAsset A17ACC66-424F-B793-A75E-F3789396DA86 #primary instance
	$::TextureBaseAsset
		$::Asset
			$::DataContainer
			Name Characters/SP/Friendly/Golden/Textures/T_SP_Golden_Upperbody_MM
		Resource 2122831422991079195 #characters/sp/friendly/golden/textures/t_sp_golden_upperbody_mm
