TextureAsset a1999a36-1070-7390-3b89-d7f1015b43e7
	$::TextureBaseAsset
		$::Asset
			$::DataContainer
			Name Characters/SP/Friendly/Golden/Textures/T_SP_Golden_Upperbody_N
		Resource 4187273801038462765 #characters/sp/friendly/golden/textures/t_sp_golden_upperbody_n
