Partition 620015F9-E84D-11E2-9EFF-CD55B07743EC
TextureAsset 38934ECB-40B3-6C7A-3D29-F374BEB8A4D2 #primary instance
	$::TextureBaseAsset
		$::Asset
			$::DataContainer
			Name Characters/SP/Friendly/Golden/Textures/T_SP_Golden_Lowerbody_N
		Resource 539417153313370779 #characters/sp/friendly/golden/textures/t_sp_golden_lowerbody_n
