Partition 92AA4D3F-E84D-11E2-9EFF-CD55B07743EC
TextureAsset 77C0DA56-5E55-756B-7488-5E83DB8E5C0B #primary instance
	$::TextureBaseAsset
		$::Asset
			$::DataContainer
			Name Characters/SP/Friendly/Golden/Textures/T_SP_Golden_Upperbody_S
		Resource 1265573336603670449 #characters/sp/friendly/golden/textures/t_sp_golden_upperbody_s
