SkinnedMeshAsset bc3bec1f-a86e-3c8c-33fa-97b34d2eee41
	$::MeshAsset
		$::Asset
			$::DataContainer
			Name characters/sp/friendly/golden/golden_head/sp_golden_head_Mesh
		LodGroup LodGroups/Character_Skip1Gen3_Stream1PC/7689d877-6af2-9ef7-a041-741b3db05c38
		MeshSetResource 2561017651491977359 #characters/sp/friendly/golden/golden_head/sp_golden_head_mesh
		OccluderMeshResource 0
		LodScale 1.0
		CullScale 1.0
		CoverageValue 0.0
		EnlightenType EnlightenType_Dynamic
		ProceduralAnimation *nullGuid*
		Materials::array
			member(0) 02f63275-20d0-44ae-a844-c3586e77b150
			member(1) 290eb895-3af8-4eeb-bdb4-af12a45b6f69
			member(2) 13a5b78b-2856-4843-a89e-45983a4c7b1c
			member(3) 0b964f56-8610-4dbe-a4a0-203cab954245
			member(4) 3da00a3c-0576-4ed7-873f-64096a16b615
		NameHash 2137989119
		StreamingEnable True
		OccluderMeshEnable False
		OccluderHighPriority False
		OccluderIsConservative True
		DestructionMaterialEnable False
	BoundingBoxPositionOffset::Vec3
		x 0.0
		y 0.0
		z 0.0
	BoundingBoxSizeOffset::Vec3
		x 0.0
		y 0.0
		z 0.0
MeshMaterial 3da00a3c-0576-4ed7-873f-64096a16b615
	$::DataContainer
	ShaderInstance *nullGuid*
	Shader::SurfaceShaderInstanceDataStruct
		Shader Characters/ScanTests/SealKit01/CharacterRoot_Hair_2/bbc11693-7644-4516-8bbe-68e296802982
		BoolParameters *nullArray*
		VectorParameters *nullArray*
		VectorArrayParameters *nullArray*
		TextureParameters *nullArray*
	TessellationType ShaderTessellationType_None
	TessellationTriangleSize 12.0
	TessellationMaxDistance 20.0
	BackFaceCullEpsilon 0.5
	ShapeFactor 0.75
	DisplacementMap *nullGuid*
	DisplacementScale 1.0
	DisplacementBias 0.5
	DisplacementMapTexCoord 0
	SmoothEdgeVertices False
MeshMaterial 0b964f56-8610-4dbe-a4a0-203cab954245
	$::DataContainer
	ShaderInstance *nullGuid*
	Shader::SurfaceShaderInstanceDataStruct
		Shader Characters/Heads/Shared/Shaders/SS_SP_Head_Skin_WrinkleMap/9db14644-f369-4aa2-89f5-5bacd9db194e
		BoolParameters *nullArray*
		VectorParameters::array
			member(0)::VectorShaderParameter
				Value::Vec4
					x 1.0
					y 0.0
					z 0.0
					w 0.0
				ParameterName _DiffuseIntensity
				ParameterType ShaderParameterType_Scalar
			member(1)::VectorShaderParameter
				Value::Vec4
					x 0.4000000059604645
					y 0.0
					z 0.0
					w 0.0
				ParameterName _DirtIntensity
				ParameterType ShaderParameterType_Scalar
			member(2)::VectorShaderParameter
				Value::Vec4
					x 1.2999999523162842
					y 0.0
					z 0.0
					w 0.0
				ParameterName _SmoothnesScale
				ParameterType ShaderParameterType_Scalar
			member(3)::VectorShaderParameter
				Value::Vec4
					x 3.0
					y 0.0
					z 0.0
					w 0.0
				ParameterName _SpecularFresnel
				ParameterType ShaderParameterType_Scalar
			member(4)::VectorShaderParameter
				Value::Vec4
					x 0.800000011920929
					y 0.0
					z 0.0
					w 0.0
				ParameterName _SpecularScale
				ParameterType ShaderParameterType_Scalar
			member(5)::VectorShaderParameter
				Value::Vec4
					x 1.0
					y 0.0
					z 0.0
					w 0.0
				ParameterName _SS_Scale2
				ParameterType ShaderParameterType_Scalar
			member(6)::VectorShaderParameter
				Value::Vec4
					x 0.10000000149011612
					y 0.0
					z 0.0
					w 0.0
				ParameterName _Sweaty
				ParameterType ShaderParameterType_Scalar
		VectorArrayParameters *nullArray*
		TextureParameters *nullArray*
	TessellationType ShaderTessellationType_None
	TessellationTriangleSize 12.0
	TessellationMaxDistance 20.0
	BackFaceCullEpsilon 0.5
	ShapeFactor 0.75
	DisplacementMap *nullGuid*
	DisplacementScale 1.0
	DisplacementBias 0.5
	DisplacementMapTexCoord 0
	SmoothEdgeVertices False
MeshMaterial 02f63275-20d0-44ae-a844-c3586e77b150
	$::DataContainer
	ShaderInstance *nullGuid*
	Shader::SurfaceShaderInstanceDataStruct
		Shader Characters/Heads/Shared/Shaders/SS_CharacterRoot_Eyelashes/0def4d46-f3e9-4838-a15e-1a43e57ab436
		BoolParameters *nullArray*
		VectorParameters::array
			member(0)::VectorShaderParameter
				Value::Vec4
					x 0.8999999761581421
					y 0.8999999761581421
					z 0.8999999761581421
					w 0.8999999761581421
				ParameterName AlphaScale
				ParameterType ShaderParameterType_Color
			member(1)::VectorShaderParameter
				Value::Vec4
					x 0.04800000041723251
					y 0.017999999225139618
					z 0.0010000000474974513
					w 0.0010000000474974513
				ParameterName ColorScale
				ParameterType ShaderParameterType_Color
		VectorArrayParameters *nullArray*
		TextureParameters *nullArray*
	TessellationType ShaderTessellationType_None
	TessellationTriangleSize 12.0
	TessellationMaxDistance 20.0
	BackFaceCullEpsilon 0.5
	ShapeFactor 0.75
	DisplacementMap *nullGuid*
	DisplacementScale 1.0
	DisplacementBias 0.5
	DisplacementMapTexCoord 0
	SmoothEdgeVertices False
MeshMaterial 13a5b78b-2856-4843-a89e-45983a4c7b1c
	$::DataContainer
	ShaderInstance *nullGuid*
	Shader::SurfaceShaderInstanceDataStruct
		Shader Characters/Heads/Shared/Shaders/SS_Human_Eye_SP/66f31537-2310-4762-833e-69df78fb1b4f
		BoolParameters *nullArray*
		VectorParameters::array
			member(0)::VectorShaderParameter
				Value::Vec4
					x 1.0
					y 0.5
					z 0.30000001192092896
					w 0.30000001192092896
				ParameterName IrisColor
				ParameterType ShaderParameterType_Color
			member(1)::VectorShaderParameter
				Value::Vec4
					x 0.75
					y 0.75
					z 0.75
					w 0.75
				ParameterName ScleraColor
				ParameterType ShaderParameterType_Color
		VectorArrayParameters *nullArray*
		TextureParameters *nullArray*
	TessellationType ShaderTessellationType_None
	TessellationTriangleSize 12.0
	TessellationMaxDistance 20.0
	BackFaceCullEpsilon 0.5
	ShapeFactor 0.75
	DisplacementMap *nullGuid*
	DisplacementScale 1.0
	DisplacementBias 0.5
	DisplacementMapTexCoord 0
	SmoothEdgeVertices False
MeshMaterial 290eb895-3af8-4eeb-bdb4-af12a45b6f69
	$::DataContainer
	ShaderInstance *nullGuid*
	Shader::SurfaceShaderInstanceDataStruct
		Shader Characters/Heads/Shared/Shaders/SS_SP_Teeth/395467bd-7255-46b0-9fc8-d1b1d1c38823
		BoolParameters *nullArray*
		VectorParameters::array
			member(0)::VectorShaderParameter
				Value::Vec4
					x 0.009999999776482582
					y 0.0
					z 0.0
					w 0.0
				ParameterName SpecularScale
				ParameterType ShaderParameterType_Scalar
		VectorArrayParameters *nullArray*
		TextureParameters *nullArray*
	TessellationType ShaderTessellationType_None
	TessellationTriangleSize 12.0
	TessellationMaxDistance 20.0
	BackFaceCullEpsilon 0.5
	ShapeFactor 0.75
	DisplacementMap *nullGuid*
	DisplacementScale 1.0
	DisplacementBias 0.5
	DisplacementMapTexCoord 0
	SmoothEdgeVertices False
