ObjectBlueprint 58559ebc-b0bb-a351-39e0-151eb7e8df1d
	$::Blueprint
		$::EntityBusData
			$::DataBusData
				$::Asset
					$::DataContainer
					Name Characters/SP/Friendly/Golden/Golden_Head/SP_Golden_Head
				PropertyConnections *nullArray*
				LinkConnections *nullArray*
				Interface *nullGuid*
				Flags 0
			EventConnections *nullArray*
	Object Instance0
MeshProxyEntityData Instance0
	$::SpatialEntityData
		$::EntityData
			$::GameObjectData
				$::DataBusPeer
					$::GameDataContainer
						$::DataContainer
					Flags 183718481
		Transform::LinearTransform
			right::Vec3
				x 1.0
				y 0.0
				z 0.0
			up::Vec3
				x 0.0
				y 1.0
				z 0.0
			forward::Vec3
				x 0.0
				y 0.0
				z 1.0
			trans::Vec3
				x 0.0
				y 0.0
				z 0.0
	Mesh characters/sp/friendly/golden/golden_head/sp_golden_head_Mesh/bc3bec1f-a86e-3c8c-33fa-97b34d2eee41
	BasePoseTransforms *nullArray*
