ObjectBlueprint e2a0b14e-fbb3-0991-a00b-bb6c1ff808ba
	$::Blueprint
		$::EntityBusData
			$::DataBusData
				$::Asset
					$::DataContainer
					Name Characters/SP/Friendly/Golden/Golden_Head/SP_Golden_Bandage
				PropertyConnections *nullArray*
				LinkConnections *nullArray*
				Interface *nullGuid*
				Flags 0
			EventConnections *nullArray*
	Object Instance0
MeshProxyEntityData Instance0
	$::SpatialEntityData
		$::EntityData
			$::GameObjectData
				$::DataBusPeer
					$::GameDataContainer
						$::DataContainer
					Flags 180738641
		Transform::LinearTransform
			right::Vec3
				x 1.0
				y 0.0
				z 0.0
			up::Vec3
				x 0.0
				y 1.0
				z 0.0
			forward::Vec3
				x 0.0
				y 0.0
				z 1.0
			trans::Vec3
				x 0.0
				y 0.0
				z 0.0
	Mesh characters/sp/friendly/golden/golden_head/sp_golden_bandage_Mesh/651ae792-f998-8d83-bae2-94b087aadb4b
	BasePoseTransforms *nullArray*
