Partition 6176476A-383B-03F1-1052-49F1A20DC9FB
SkinnedMeshAsset 651AE792-F998-8D83-BAE2-94B087AADB4B #primary instance
	$::MeshAsset
		$::Asset
			$::DataContainer
			Name characters/sp/friendly/golden/golden_head/sp_golden_bandage_Mesh
		LodGroup LodGroups/Character_SmallObjects/66A767B0-D233-79A7-5C10-296C84EAA1E6
		MeshSetResource 14656499617004172853 #characters/sp/friendly/golden/golden_head/sp_golden_bandage_mesh
		OccluderMeshResource 0
		LodScale 1.0
		CullScale 1.0
		CoverageValue 0.0
		EnlightenType EnlightenType_Dynamic
		ProceduralAnimation *nullGuid*
		Materials::array
			member(0) 3F79E9D8-EAA1-AC78-71F9-99660EF59B01
		NameHash 3468814237
		StreamingEnable True
		OccluderMeshEnable False
		OccluderHighPriority False
		OccluderIsConservative True
		DestructionMaterialEnable False
	BoundingBoxPositionOffset::Vec3
		x 0.0
		y 0.0
		z 0.0
	BoundingBoxSizeOffset::Vec3
		x 0.0
		y 0.0
		z 0.0
MeshMaterial 3F79E9D8-EAA1-AC78-71F9-99660EF59B01
	$::DataContainer
	ShaderInstance *nullGuid*
	Shader::SurfaceShaderInstanceDataStruct
		Shader Objects/Shaders/Presets/ObjectPreset_DNS/DFDB4379-BF5F-453F-BA40-644913701858
		BoolParameters *nullArray*
		VectorParameters::array
			member(0)::VectorShaderParameter
				Value::Vec4
					x 0.20000000298023224
					y 0.0
					z 0.0
					w 0.0
				ParameterName FresnelBias
				ParameterType ShaderParameterType_Scalar
		VectorArrayParameters *nullArray*
		TextureParameters *nullArray*
	TessellationType ShaderTessellationType_None
	TessellationTriangleSize 12.0
	TessellationMaxDistance 20.0
	BackFaceCullEpsilon 0.5
	ShapeFactor 0.75
	DisplacementMap *nullGuid*
	DisplacementScale 1.0
	DisplacementBias 0.5
	DisplacementMapTexCoord 0
	SmoothEdgeVertices False
