Partition 25F665A9-F07A-11E2-949D-BA2253E4A55C
TextureAsset A00BA0E1-8761-6709-BF06-23493D561604 #primary instance
	$::TextureBaseAsset
		$::Asset
			$::DataContainer
			Name Characters/SP/Friendly/Golden/Golden_Head/T_SP_Bandage_D
		Resource 10851446775865755227 #characters/sp/friendly/golden/golden_head/t_sp_bandage_d
