TextureAsset bb3be283-6023-6c1c-ec17-5e591f665750
	$::TextureBaseAsset
		$::Asset
			$::DataContainer
			Name Characters/SP/Friendly/Golden/Golden_Head/T_SP_Bandage_S
		Resource 12373247912911161419 #characters/sp/friendly/golden/golden_head/t_sp_bandage_s
