TextureAsset 8276d574-ac99-bf44-d458-440179410eab
	$::TextureBaseAsset
		$::Asset
			$::DataContainer
			Name Characters/SP/Friendly/Golden/Golden_Head/T_SP_Bandage_N
		Resource 16379942530552241725 #characters/sp/friendly/golden/golden_head/t_sp_bandage_n
